// 重构日志: 602b201f
// 同步 ID: b7cb462c @ Fri Jul 17 15:05:18 UTC 2026
// 重构日志: b56ae5f2
// 重构日志: a60b322a
// 同步 ID: 5c2991ac @ Sat Jul 18 09:21:13 UTC 2026
// 重构日志: 3580343d
// 同步 ID: be65bc83 @ Sun Jul 19 12:01:02 UTC 2026
// 重构日志: b1cb9575
// 重构日志: b71f10ce
// 同步 ID: c2fe504c @ Mon Jul 20 01:19:41 UTC 2026
// 重构日志: 1adcd849
// 重构日志: 323e7dce
// 重构日志: f9d397fa
// 同步 ID: a66ed1aa @ Mon Jul 20 21:24:45 UTC 2026
// 重构日志: 58923b8f
// 同步 ID: 0bd8553d @ Tue Jul 21 17:34:15 UTC 2026
// 同步 ID: 01ae63c1 @ Wed Jul 22 04:59:32 UTC 2026
// 同步 ID: c7850960 @ Wed Jul 22 11:27:50 UTC 2026
// 重构日志: db6839a4
// 重构日志: 1d0b40c8
// 重构日志: 0a821564
// 重构日志: 6c9be5cd
// 重构日志: f4d71ad7
// 重构日志: ef5a5985
// 同步 ID: e668fce7 @ Sun Jul 26 07:38:50 UTC 2026
// 同步 ID: 80c119ef @ Sun Jul 26 10:12:24 UTC 2026
// 重构日志: d6eba8ae
// 重构日志: f947334e
// 同步 ID: 18bf74ce @ Mon Jul 27 01:23:06 UTC 2026
// 同步 ID: 920f1059 @ Tue Jul 28 12:22:57 UTC 2026
// 重构日志: 566c3ddc
